Trying to load /Users/kikikimi/Documents/workspace/CIS35B/Lab1/automobile.txt
First Loaded:
Ford Focus Wagon ZTW Base Price: $15,999.00
    Color
        Fort Knox Gold Clearcoat Metallic, Price: $0.00
        Liquid Grey Clearcoat Metallic, Price: $0.00
        Infra-Red Clearcoat, Price: $0.00
        Grabber Green Clearcoat Metallic, Price: $0.00
        Sangria Red Clearcoat Metallic, Price: $0.00
        French Blue Clearcoat Metallic, Price: $0.00
        Twilight Blue Clearcoat Metallic, Price: $0.00
        CD Silver Clearcoat Metallic, Price: $0.00
        Pitch Black Clearcoat, Price: $0.00
        Cloud 9 White Clearcoat, Price: $0.00
    Transmission
        Automatic, Price: $0.00
        Standard, Price: ($815.00)
    Brakes/Traction Control
        Standard, Price: $0.00
        ABS, Price: $400.00
        ABS with Advance Trac, Price: $1,625.00
    Side Impact Air Bags
        None, Price: $0.00
        Select, Price: $350.00
    Power Moonroof
        None, Price: $0.00
        Select, Price: $595.00

_____________________
Added a color option:
Ford Focus Wagon ZTW Base Price: $15,999.00
    Color
        Fort Knox Gold Clearcoat Metallic, Price: $0.00
        Liquid Grey Clearcoat Metallic, Price: $0.00
        Infra-Red Clearcoat, Price: $0.00
        Grabber Green Clearcoat Metallic, Price: $0.00
        Sangria Red Clearcoat Metallic, Price: $0.00
        French Blue Clearcoat Metallic, Price: $0.00
        Twilight Blue Clearcoat Metallic, Price: $0.00
        CD Silver Clearcoat Metallic, Price: $0.00
        Pitch Black Clearcoat, Price: $0.00
        Cloud 9 White Clearcoat, Price: $0.00
        Super Grape Metallic Clearcoat, Price: $0.00
    Transmission
        Automatic, Price: $0.00
        Standard, Price: ($815.00)
    Brakes/Traction Control
        Standard, Price: $0.00
        ABS, Price: $400.00
        ABS with Advance Trac, Price: $1,625.00
    Side Impact Air Bags
        None, Price: $0.00
        Select, Price: $350.00
    Power Moonroof
        None, Price: $0.00
        Select, Price: $595.00

_____________________
Removed a color option: 
Ford Focus Wagon ZTW Base Price: $15,999.00
    Color
        Fort Knox Gold Clearcoat Metallic, Price: $0.00
        Liquid Grey Clearcoat Metallic, Price: $0.00
        Infra-Red Clearcoat, Price: $0.00
        Grabber Green Clearcoat Metallic, Price: $0.00
        Sangria Red Clearcoat Metallic, Price: $0.00
        French Blue Clearcoat Metallic, Price: $0.00
        Twilight Blue Clearcoat Metallic, Price: $0.00
        CD Silver Clearcoat Metallic, Price: $0.00
        Pitch Black Clearcoat, Price: $0.00
        Cloud 9 White Clearcoat, Price: $0.00
    Transmission
        Automatic, Price: $0.00
        Standard, Price: ($815.00)
    Brakes/Traction Control
        Standard, Price: $0.00
        ABS, Price: $400.00
        ABS with Advance Trac, Price: $1,625.00
    Side Impact Air Bags
        None, Price: $0.00
        Select, Price: $350.00
    Power Moonroof
        None, Price: $0.00
        Select, Price: $595.00

_____________________
Serialized and Deserialized:
Ford Focus Wagon ZTW Base Price: $15,999.00
    Color
        Fort Knox Gold Clearcoat Metallic, Price: $0.00
        Liquid Grey Clearcoat Metallic, Price: $0.00
        Infra-Red Clearcoat, Price: $0.00
        Grabber Green Clearcoat Metallic, Price: $0.00
        Sangria Red Clearcoat Metallic, Price: $0.00
        French Blue Clearcoat Metallic, Price: $0.00
        Twilight Blue Clearcoat Metallic, Price: $0.00
        CD Silver Clearcoat Metallic, Price: $0.00
        Pitch Black Clearcoat, Price: $0.00
        Cloud 9 White Clearcoat, Price: $0.00
    Transmission
        Automatic, Price: $0.00
        Standard, Price: ($815.00)
    Brakes/Traction Control
        Standard, Price: $0.00
        ABS, Price: $400.00
        ABS with Advance Trac, Price: $1,625.00
    Side Impact Air Bags
        None, Price: $0.00
        Select, Price: $350.00
    Power Moonroof
        None, Price: $0.00
        Select, Price: $595.00

_____________________
